Connecting to Devnet...
Using Funded User Public Key: Hhb5fPpMfM4x4nMKAcBN7SKJk1btAqvJwXNyyieYMVtS
node : Error: failed to get balance of account Hhb5fPpMfM4x4nMKAcBN7SKJk1
btAqvJwXNyyieYMVtS: TypeError: fetch failed
所在位置 行:1 字符: 1
+ node test_solana.cjs > test_output.txt 2>&1
+ ~~~~~~~~~~~~~~~~~~~~~~~~~~~~~~~~~~~~~~~~~~~
    + CategoryInfo          : NotSpecified: (Error: failed t...r: fetch  
   failed:String) [], RemoteException
    + FullyQualifiedErrorId : NativeCommandError
 
    at C:\Users\94447\Desktop\crypto\Monad\MemeHunter\frontend\node_modul
es\@solana\web3.js\lib\index.cjs.js:6157:13
    at process.processTicksAndRejections (node:internal/process/task_queu
es:95:5)
    at async Connection.getBalance (C:\Users\94447\Desktop\crypto\Monad\M
emeHunter\frontend\node_modules\@solana\web3.js\lib\index.cjs.js:6156:12)
    at async main (C:\Users\94447\Desktop\crypto\Monad\MemeHunter\fronten
d\test_solana.cjs:15:21)
